// Vitest Snapshot v1, https://vitest.dev/guide/snapshot.html

exports[`StoryBiblePanel > matches snapshot 1`] = `
<div
  class="h-full flex flex-col"
>
  <div
    class="flex items-center gap-2 mb-3"
  >
    <div
      class="w-8 h-8 rounded-[var(--radius-md)] bg-[var(--primary-cta)]/12 flex items-center justify-center"
    >
      <svg
        class="lucide lucide-book-open text-[var(--primary-cta)]"
        fill="none"
        height="16"
        stroke="currentColor"
        stroke-linecap="round"
        stroke-linejoin="round"
        stroke-width="2"
        viewBox="0 0 24 24"
        width="16"
        xmlns="http://www.w3.org/2000/svg"
      >
        <path
          d="M2 3h6a4 4 0 0 1 4 4v14a3 3 0 0 0-3-3H2z"
        />
        <path
          d="M22 3h-6a4 4 0 0 0-4 4v14a3 3 0 0 1 3-3h7z"
        />
      </svg>
    </div>
    <div
      class="flex-1 min-w-0"
    >
      <h3
        class="text-[11px] font-bold uppercase tracking-wider text-gray-500 dark:text-dark-text-muted"
      >
        故事圣经
      </h3>
      <div
        class="text-[11px] text-[var(--text-muted)] mt-0.5"
      >
        等待新的工作区改动
      </div>
    </div>
  </div>
  <p
    class="text-xs text-[var(--text-secondary)] leading-relaxed mb-3"
  >
    记录你故事世界的关键细节，帮助 AI 生成更好的建议，或逐步完善你的创意直到完成初稿。
  </p>
  <div
    class="mb-4 rounded-[var(--radius-md)] border border-[var(--border-default)] bg-[var(--surface-sunken)] px-4 py-3 text-xs text-[var(--text-secondary)]"
  >
    <div
      class="font-semibold text-[var(--text-primary)]"
    >
      当前持久化边界
    </div>
    <p
      class="mt-2"
    >
      当前 Story Bible 与知识条目会写入当前工作区的权威模型，并在重新加载后继续可见。
    </p>
    <p
      class="mt-2"
    >
      导入 / 导出仍保留用于兼容旧的本地草稿，不再是唯一数据来源。
    </p>
  </div>
  <div
    class="mb-4 flex flex-wrap items-center gap-2"
  >
    <button
      class="inline-flex items-center gap-2 rounded-[var(--radius-sm)] border border-[var(--border-default)] px-3 py-1.5 text-xs font-medium text-[var(--text-primary)] hover:border-[var(--primary-cta)]/40 hover:text-[var(--primary-cta)] transition-colors"
      title="导出本地草稿"
      type="button"
    >
      <svg
        class="lucide lucide-download "
        fill="none"
        height="14"
        stroke="currentColor"
        stroke-linecap="round"
        stroke-linejoin="round"
        stroke-width="2"
        viewBox="0 0 24 24"
        width="14"
        xmlns="http://www.w3.org/2000/svg"
      >
        <path
          d="M21 15v4a2 2 0 0 1-2 2H5a2 2 0 0 1-2-2v-4"
        />
        <polyline
          points="7 10 12 15 17 10"
        />
        <line
          x1="12"
          x2="12"
          y1="15"
          y2="3"
        />
      </svg>
      导出本地草稿
    </button>
    <button
      class="inline-flex items-center gap-2 rounded-[var(--radius-sm)] border border-[var(--border-default)] px-3 py-1.5 text-xs font-medium text-[var(--text-primary)] hover:border-[var(--primary-cta)]/40 hover:text-[var(--primary-cta)] transition-colors"
      title="导入本地草稿"
      type="button"
    >
      <svg
        class="lucide lucide-upload "
        fill="none"
        height="14"
        stroke="currentColor"
        stroke-linecap="round"
        stroke-linejoin="round"
        stroke-width="2"
        viewBox="0 0 24 24"
        width="14"
        xmlns="http://www.w3.org/2000/svg"
      >
        <path
          d="M21 15v4a2 2 0 0 1-2 2H5a2 2 0 0 1-2-2v-4"
        />
        <polyline
          points="17 8 12 3 7 8"
        />
        <line
          x1="12"
          x2="12"
          y1="3"
          y2="15"
        />
      </svg>
      导入本地草稿
    </button>
    <button
      class="inline-flex items-center gap-2 rounded-[var(--radius-sm)] border border-[var(--border-default)] px-3 py-1.5 text-xs font-medium text-[var(--text-primary)] hover:border-red-400/40 hover:text-red-500 transition-colors"
      title="重置本地草稿"
      type="button"
    >
      <svg
        class="lucide lucide-rotate-ccw "
        fill="none"
        height="14"
        stroke="currentColor"
        stroke-linecap="round"
        stroke-linejoin="round"
        stroke-width="2"
        viewBox="0 0 24 24"
        width="14"
        xmlns="http://www.w3.org/2000/svg"
      >
        <path
          d="M3 12a9 9 0 1 0 9-9 9.75 9.75 0 0 0-6.74 2.74L3 8"
        />
        <path
          d="M3 3v5h5"
        />
      </svg>
      重置本地草稿
    </button>
    <input
      accept="application/json"
      aria-label="导入本地草稿"
      class="hidden"
      data-testid="story-bible-import-input"
      id="story-bible-import-input"
      name="story-bible-import-input"
      type="file"
    />
  </div>
  <div
    class="space-y-3 flex-1 overflow-y-auto pr-1 custom-scrollbar"
  >
    <div
      class="border border-[var(--border-default)] rounded-[var(--radius-md)] overflow-hidden"
    >
      <button
        aria-controls="story-bible-section-braindump"
        aria-expanded="true"
        class="w-full flex items-center gap-3 px-4 py-3 text-left bg-[var(--surface-elevated)] hover:bg-[var(--surface-sunken)] transition-colors"
        type="button"
      >
        <span
          class="text-[var(--text-muted)]"
        >
          <svg
            class="lucide lucide-book-open "
            fill="none"
            height="16"
            stroke="currentColor"
            stroke-linecap="round"
            stroke-linejoin="round"
            stroke-width="2"
            viewBox="0 0 24 24"
            width="16"
            xmlns="http://www.w3.org/2000/svg"
          >
            <path
              d="M2 3h6a4 4 0 0 1 4 4v14a3 3 0 0 0-3-3H2z"
            />
            <path
              d="M22 3h-6a4 4 0 0 0-4 4v14a3 3 0 0 1 3-3h7z"
            />
          </svg>
        </span>
        <span
          class="flex-1 text-sm font-medium text-[var(--text-primary)]"
        >
          灵感倾泻
        </span>
        <svg
          class="lucide lucide-chevron-down text-[var(--text-muted)] transition-transform duration-200 rotate-180"
          fill="none"
          height="16"
          stroke="currentColor"
          stroke-linecap="round"
          stroke-linejoin="round"
          stroke-width="2"
          viewBox="0 0 24 24"
          width="16"
          xmlns="http://www.w3.org/2000/svg"
        >
          <path
            d="m6 9 6 6 6-6"
          />
        </svg>
      </button>
      <div
        class="px-4 py-3 border-t border-[var(--border-default)]"
        id="story-bible-section-braindump"
      >
        <div
          class="space-y-2"
        >
          <p
            class="text-xs text-[var(--text-secondary)]"
          >
            写下你对故事所知的一切——情节、角色、世界观、主题，任何想法都可以！
          </p>
          <textarea
            aria-label="灵感倾泻"
            class="w-full min-h-32 text-sm leading-relaxed bg-[var(--surface-sunken)] text-[var(--text-primary)] border border-[var(--border-default)] rounded-[var(--radius-sm)] p-3 resize-y outline-none focus:ring-2 focus:ring-[var(--primary-cta)]/30 placeholder:text-[var(--text-muted)] custom-scrollbar"
            id="story-bible-braindump"
            name="story-bible-braindump"
            placeholder="写下你对故事所知的一切——情节、角色、世界观、主题，任何想法都可以！"
          />
        </div>
      </div>
    </div>
    <div
      class="border border-[var(--border-default)] rounded-[var(--radius-md)] overflow-hidden"
    >
      <button
        aria-controls="story-bible-section-genre"
        aria-expanded="true"
        class="w-full flex items-center gap-3 px-4 py-3 text-left bg-[var(--surface-elevated)] hover:bg-[var(--surface-sunken)] transition-colors"
        type="button"
      >
        <span
          class="text-[var(--text-muted)]"
        >
          <svg
            class="lucide lucide-tag "
            fill="none"
            height="16"
            stroke="currentColor"
            stroke-linecap="round"
            stroke-linejoin="round"
            stroke-width="2"
            viewBox="0 0 24 24"
            width="16"
            xmlns="http://www.w3.org/2000/svg"
          >
            <path
              d="M12.586 2.586A2 2 0 0 0 11.172 2H4a2 2 0 0 0-2 2v7.172a2 2 0 0 0 .586 1.414l8.704 8.704a2.426 2.426 0 0 0 3.42 0l6.58-6.58a2.426 2.426 0 0 0 0-3.42z"
            />
            <circle
              cx="7.5"
              cy="7.5"
              fill="currentColor"
              r=".5"
            />
          </svg>
        </span>
        <span
          class="flex-1 text-sm font-medium text-[var(--text-primary)]"
        >
          题材类型
        </span>
        <svg
          class="lucide lucide-chevron-down text-[var(--text-muted)] transition-transform duration-200 rotate-180"
          fill="none"
          height="16"
          stroke="currentColor"
          stroke-linecap="round"
          stroke-linejoin="round"
          stroke-width="2"
          viewBox="0 0 24 24"
          width="16"
          xmlns="http://www.w3.org/2000/svg"
        >
          <path
            d="m6 9 6 6 6-6"
          />
        </svg>
      </button>
      <div
        class="px-4 py-3 border-t border-[var(--border-default)]"
        id="story-bible-section-genre"
      >
        <div
          class="space-y-3"
        >
          <div
            class="flex flex-wrap gap-1.5"
          >
            <button
              class="px-2.5 py-1 text-xs rounded-full border transition-all bg-[var(--surface-sunken)] text-[var(--text-secondary)] border-[var(--border-default)] hover:border-[var(--primary-cta)]/50"
              type="button"
            >
              奇幻
            </button>
            <button
              class="px-2.5 py-1 text-xs rounded-full border transition-all bg-[var(--surface-sunken)] text-[var(--text-secondary)] border-[var(--border-default)] hover:border-[var(--primary-cta)]/50"
              type="button"
            >
              言情
            </button>
            <button
              class="px-2.5 py-1 text-xs rounded-full border transition-all bg-[var(--surface-sunken)] text-[var(--text-secondary)] border-[var(--border-default)] hover:border-[var(--primary-cta)]/50"
              type="button"
            >
              悬疑
            </button>
            <button
              class="px-2.5 py-1 text-xs rounded-full border transition-all bg-[var(--surface-sunken)] text-[var(--text-secondary)] border-[var(--border-default)] hover:border-[var(--primary-cta)]/50"
              type="button"
            >
              科幻
            </button>
            <button
              class="px-2.5 py-1 text-xs rounded-full border transition-all bg-[var(--surface-sunken)] text-[var(--text-secondary)] border-[var(--border-default)] hover:border-[var(--primary-cta)]/50"
              type="button"
            >
              恐怖
            </button>
            <button
              class="px-2.5 py-1 text-xs rounded-full border transition-all bg-[var(--surface-sunken)] text-[var(--text-secondary)] border-[var(--border-default)] hover:border-[var(--primary-cta)]/50"
              type="button"
            >
              历史
            </button>
            <button
              class="px-2.5 py-1 text-xs rounded-full border transition-all bg-[var(--surface-sunken)] text-[var(--text-secondary)] border-[var(--border-default)] hover:border-[var(--primary-cta)]/50"
              type="button"
            >
              武侠
            </button>
            <button
              class="px-2.5 py-1 text-xs rounded-full border transition-all bg-[var(--surface-sunken)] text-[var(--text-secondary)] border-[var(--border-default)] hover:border-[var(--primary-cta)]/50"
              type="button"
            >
              都市
            </button>
            <button
              class="px-2.5 py-1 text-xs rounded-full border transition-all bg-[var(--surface-sunken)] text-[var(--text-secondary)] border-[var(--border-default)] hover:border-[var(--primary-cta)]/50"
              type="button"
            >
              青春
            </button>
            <button
              class="px-2.5 py-1 text-xs rounded-full border transition-all bg-[var(--surface-sunken)] text-[var(--text-secondary)] border-[var(--border-default)] hover:border-[var(--primary-cta)]/50"
              type="button"
            >
              冒险
            </button>
            <button
              class="px-2.5 py-1 text-xs rounded-full border transition-all bg-[var(--surface-sunken)] text-[var(--text-secondary)] border-[var(--border-default)] hover:border-[var(--primary-cta)]/50"
              type="button"
            >
              宫斗
            </button>
            <button
              class="px-2.5 py-1 text-xs rounded-full border transition-all bg-[var(--surface-sunken)] text-[var(--text-secondary)] border-[var(--border-default)] hover:border-[var(--primary-cta)]/50"
              type="button"
            >
              末世
            </button>
            <button
              class="px-2.5 py-1 text-xs rounded-full border transition-all bg-[var(--surface-sunken)] text-[var(--text-secondary)] border-[var(--border-default)] hover:border-[var(--primary-cta)]/50"
              type="button"
            >
              仙侠
            </button>
            <button
              class="px-2.5 py-1 text-xs rounded-full border transition-all bg-[var(--surface-sunken)] text-[var(--text-secondary)] border-[var(--border-default)] hover:border-[var(--primary-cta)]/50"
              type="button"
            >
              推理
            </button>
            <button
              class="px-2.5 py-1 text-xs rounded-full border transition-all bg-[var(--surface-sunken)] text-[var(--text-secondary)] border-[var(--border-default)] hover:border-[var(--primary-cta)]/50"
              type="button"
            >
              轻小说
            </button>
          </div>
          <div
            class="flex gap-2"
          >
            <input
              aria-label="输入题材，如：奇幻、言情、悬疑..."
              class="flex-1 text-sm bg-[var(--surface-sunken)] text-[var(--text-primary)] border border-[var(--border-default)] rounded-[var(--radius-sm)] px-3 py-1.5 outline-none focus:ring-2 focus:ring-[var(--primary-cta)]/30 placeholder:text-[var(--text-muted)]"
              id="story-bible-genre-input"
              name="story-bible-genre-input"
              placeholder="输入题材，如：奇幻、言情、悬疑..."
              value=""
            />
            <button
              class="px-3 py-1.5 text-xs font-medium bg-[var(--primary-cta)] text-white rounded-[var(--radius-sm)] hover:bg-[var(--primary-cta-hover)] disabled:opacity-40 disabled:cursor-not-allowed transition-all"
              disabled=""
              type="button"
            >
              +
            </button>
          </div>
        </div>
      </div>
    </div>
    <div
      class="border border-[var(--border-default)] rounded-[var(--radius-md)] overflow-hidden"
    >
      <button
        aria-controls="story-bible-section-synopsis"
        aria-expanded="false"
        class="w-full flex items-center gap-3 px-4 py-3 text-left bg-[var(--surface-elevated)] hover:bg-[var(--surface-sunken)] transition-colors"
        type="button"
      >
        <span
          class="text-[var(--text-muted)]"
        >
          <svg
            class="lucide lucide-file-text "
            fill="none"
            height="16"
            stroke="currentColor"
            stroke-linecap="round"
            stroke-linejoin="round"
            stroke-width="2"
            viewBox="0 0 24 24"
            width="16"
            xmlns="http://www.w3.org/2000/svg"
          >
            <path
              d="M15 2H6a2 2 0 0 0-2 2v16a2 2 0 0 0 2 2h12a2 2 0 0 0 2-2V7Z"
            />
            <path
              d="M14 2v4a2 2 0 0 0 2 2h4"
            />
            <path
              d="M10 9H8"
            />
            <path
              d="M16 13H8"
            />
            <path
              d="M16 17H8"
            />
          </svg>
        </span>
        <span
          class="flex-1 text-sm font-medium text-[var(--text-primary)]"
        >
          故事概要
        </span>
        <svg
          class="lucide lucide-chevron-down text-[var(--text-muted)] transition-transform duration-200 "
          fill="none"
          height="16"
          stroke="currentColor"
          stroke-linecap="round"
          stroke-linejoin="round"
          stroke-width="2"
          viewBox="0 0 24 24"
          width="16"
          xmlns="http://www.w3.org/2000/svg"
        >
          <path
            d="m6 9 6 6 6-6"
          />
        </svg>
      </button>
    </div>
    <div
      class="border border-[var(--border-default)] rounded-[var(--radius-md)] overflow-hidden"
    >
      <button
        aria-controls="story-bible-section-canon-review"
        aria-expanded="false"
        class="w-full flex items-center gap-3 px-4 py-3 text-left bg-[var(--surface-elevated)] hover:bg-[var(--surface-sunken)] transition-colors"
        type="button"
      >
        <span
          class="text-[var(--text-muted)]"
        >
          <svg
            class="lucide lucide-book-open "
            fill="none"
            height="16"
            stroke="currentColor"
            stroke-linecap="round"
            stroke-linejoin="round"
            stroke-width="2"
            viewBox="0 0 24 24"
            width="16"
            xmlns="http://www.w3.org/2000/svg"
          >
            <path
              d="M2 3h6a4 4 0 0 1 4 4v14a3 3 0 0 0-3-3H2z"
            />
            <path
              d="M22 3h-6a4 4 0 0 0-4 4v14a3 3 0 0 1 3-3h7z"
            />
          </svg>
        </span>
        <span
          class="flex-1 text-sm font-medium text-[var(--text-primary)]"
        >
          Canon Review
        </span>
        <svg
          class="lucide lucide-chevron-down text-[var(--text-muted)] transition-transform duration-200 "
          fill="none"
          height="16"
          stroke="currentColor"
          stroke-linecap="round"
          stroke-linejoin="round"
          stroke-width="2"
          viewBox="0 0 24 24"
          width="16"
          xmlns="http://www.w3.org/2000/svg"
        >
          <path
            d="m6 9 6 6 6-6"
          />
        </svg>
      </button>
    </div>
    <div
      class="border border-[var(--border-default)] rounded-[var(--radius-md)] overflow-hidden"
    >
      <button
        aria-controls="story-bible-section-characters"
        aria-expanded="false"
        class="w-full flex items-center gap-3 px-4 py-3 text-left bg-[var(--surface-elevated)] hover:bg-[var(--surface-sunken)] transition-colors"
        type="button"
      >
        <span
          class="text-[var(--text-muted)]"
        >
          <svg
            class="lucide lucide-users "
            fill="none"
            height="16"
            stroke="currentColor"
            stroke-linecap="round"
            stroke-linejoin="round"
            stroke-width="2"
            viewBox="0 0 24 24"
            width="16"
            xmlns="http://www.w3.org/2000/svg"
          >
            <path
              d="M16 21v-2a4 4 0 0 0-4-4H6a4 4 0 0 0-4 4v2"
            />
            <circle
              cx="9"
              cy="7"
              r="4"
            />
            <path
              d="M22 21v-2a4 4 0 0 0-3-3.87"
            />
            <path
              d="M16 3.13a4 4 0 0 1 0 7.75"
            />
          </svg>
        </span>
        <span
          class="flex-1 text-sm font-medium text-[var(--text-primary)]"
        >
          角色 (1)
        </span>
        <svg
          class="lucide lucide-chevron-down text-[var(--text-muted)] transition-transform duration-200 "
          fill="none"
          height="16"
          stroke="currentColor"
          stroke-linecap="round"
          stroke-linejoin="round"
          stroke-width="2"
          viewBox="0 0 24 24"
          width="16"
          xmlns="http://www.w3.org/2000/svg"
        >
          <path
            d="m6 9 6 6 6-6"
          />
        </svg>
      </button>
    </div>
    <div
      class="border border-[var(--border-default)] rounded-[var(--radius-md)] overflow-hidden"
    >
      <button
        aria-controls="story-bible-section-worldbuilding"
        aria-expanded="false"
        class="w-full flex items-center gap-3 px-4 py-3 text-left bg-[var(--surface-elevated)] hover:bg-[var(--surface-sunken)] transition-colors"
        type="button"
      >
        <span
          class="text-[var(--text-muted)]"
        >
          <svg
            class="lucide lucide-map "
            fill="none"
            height="16"
            stroke="currentColor"
            stroke-linecap="round"
            stroke-linejoin="round"
            stroke-width="2"
            viewBox="0 0 24 24"
            width="16"
            xmlns="http://www.w3.org/2000/svg"
          >
            <polygon
              points="3 6 9 3 15 6 21 3 21 18 15 21 9 18 3 21"
            />
            <line
              x1="9"
              x2="9"
              y1="3"
              y2="18"
            />
            <line
              x1="15"
              x2="15"
              y1="6"
              y2="21"
            />
          </svg>
        </span>
        <span
          class="flex-1 text-sm font-medium text-[var(--text-primary)]"
        >
          世界观 (1)
        </span>
        <svg
          class="lucide lucide-chevron-down text-[var(--text-muted)] transition-transform duration-200 "
          fill="none"
          height="16"
          stroke="currentColor"
          stroke-linecap="round"
          stroke-linejoin="round"
          stroke-width="2"
          viewBox="0 0 24 24"
          width="16"
          xmlns="http://www.w3.org/2000/svg"
        >
          <path
            d="m6 9 6 6 6-6"
          />
        </svg>
      </button>
    </div>
    <div
      class="border border-[var(--border-default)] rounded-[var(--radius-md)] overflow-hidden"
    >
      <button
        aria-controls="story-bible-section-scenes"
        aria-expanded="false"
        class="w-full flex items-center gap-3 px-4 py-3 text-left bg-[var(--surface-elevated)] hover:bg-[var(--surface-sunken)] transition-colors"
        type="button"
      >
        <span
          class="text-[var(--text-muted)]"
        >
          <svg
            class="lucide lucide-file-text "
            fill="none"
            height="16"
            stroke="currentColor"
            stroke-linecap="round"
            stroke-linejoin="round"
            stroke-width="2"
            viewBox="0 0 24 24"
            width="16"
            xmlns="http://www.w3.org/2000/svg"
          >
            <path
              d="M15 2H6a2 2 0 0 0-2 2v16a2 2 0 0 0 2 2h12a2 2 0 0 0 2-2V7Z"
            />
            <path
              d="M14 2v4a2 2 0 0 0 2 2h4"
            />
            <path
              d="M10 9H8"
            />
            <path
              d="M16 13H8"
            />
            <path
              d="M16 17H8"
            />
          </svg>
        </span>
        <span
          class="flex-1 text-sm font-medium text-[var(--text-primary)]"
        >
          场景 (0)
        </span>
        <svg
          class="lucide lucide-chevron-down text-[var(--text-muted)] transition-transform duration-200 "
          fill="none"
          height="16"
          stroke="currentColor"
          stroke-linecap="round"
          stroke-linejoin="round"
          stroke-width="2"
          viewBox="0 0 24 24"
          width="16"
          xmlns="http://www.w3.org/2000/svg"
        >
          <path
            d="m6 9 6 6 6-6"
          />
        </svg>
      </button>
    </div>
    <div
      class="border border-[var(--border-default)] rounded-[var(--radius-md)] overflow-hidden"
    >
      <button
        aria-controls="story-bible-section-events"
        aria-expanded="false"
        class="w-full flex items-center gap-3 px-4 py-3 text-left bg-[var(--surface-elevated)] hover:bg-[var(--surface-sunken)] transition-colors"
        type="button"
      >
        <span
          class="text-[var(--text-muted)]"
        >
          <svg
            class="lucide lucide-sparkles "
            fill="none"
            height="16"
            stroke="currentColor"
            stroke-linecap="round"
            stroke-linejoin="round"
            stroke-width="2"
            viewBox="0 0 24 24"
            width="16"
            xmlns="http://www.w3.org/2000/svg"
          >
            <path
              d="m12 3-1.912 5.813a2 2 0 0 1-1.275 1.275L3 12l5.813 1.912a2 2 0 0 1 1.275 1.275L12 21l1.912-5.813a2 2 0 0 1 1.275-1.275L21 12l-5.813-1.912a2 2 0 0 1-1.275-1.275L12 3Z"
            />
            <path
              d="M5 3v4"
            />
            <path
              d="M19 17v4"
            />
            <path
              d="M3 5h4"
            />
            <path
              d="M17 19h4"
            />
          </svg>
        </span>
        <span
          class="flex-1 text-sm font-medium text-[var(--text-primary)]"
        >
          事件 (0)
        </span>
        <svg
          class="lucide lucide-chevron-down text-[var(--text-muted)] transition-transform duration-200 "
          fill="none"
          height="16"
          stroke="currentColor"
          stroke-linecap="round"
          stroke-linejoin="round"
          stroke-width="2"
          viewBox="0 0 24 24"
          width="16"
          xmlns="http://www.w3.org/2000/svg"
        >
          <path
            d="m6 9 6 6 6-6"
          />
        </svg>
      </button>
    </div>
    <div
      class="border border-[var(--border-default)] rounded-[var(--radius-md)] overflow-hidden"
    >
      <button
        aria-controls="story-bible-section-timelines"
        aria-expanded="false"
        class="w-full flex items-center gap-3 px-4 py-3 text-left bg-[var(--surface-elevated)] hover:bg-[var(--surface-sunken)] transition-colors"
        type="button"
      >
        <span
          class="text-[var(--text-muted)]"
        >
          <svg
            class="lucide lucide-map "
            fill="none"
            height="16"
            stroke="currentColor"
            stroke-linecap="round"
            stroke-linejoin="round"
            stroke-width="2"
            viewBox="0 0 24 24"
            width="16"
            xmlns="http://www.w3.org/2000/svg"
          >
            <polygon
              points="3 6 9 3 15 6 21 3 21 18 15 21 9 18 3 21"
            />
            <line
              x1="9"
              x2="9"
              y1="3"
              y2="18"
            />
            <line
              x1="15"
              x2="15"
              y1="6"
              y2="21"
            />
          </svg>
        </span>
        <span
          class="flex-1 text-sm font-medium text-[var(--text-primary)]"
        >
          时间线 (0)
        </span>
        <svg
          class="lucide lucide-chevron-down text-[var(--text-muted)] transition-transform duration-200 "
          fill="none"
          height="16"
          stroke="currentColor"
          stroke-linecap="round"
          stroke-linejoin="round"
          stroke-width="2"
          viewBox="0 0 24 24"
          width="16"
          xmlns="http://www.w3.org/2000/svg"
        >
          <path
            d="m6 9 6 6 6-6"
          />
        </svg>
      </button>
    </div>
    <div
      class="border border-[var(--border-default)] rounded-[var(--radius-md)] overflow-hidden"
    >
      <button
        aria-controls="story-bible-section-style"
        aria-expanded="false"
        class="w-full flex items-center gap-3 px-4 py-3 text-left bg-[var(--surface-elevated)] hover:bg-[var(--surface-sunken)] transition-colors"
        type="button"
      >
        <span
          class="text-[var(--text-muted)]"
        >
          <svg
            class="lucide lucide-sparkles "
            fill="none"
            height="16"
            stroke="currentColor"
            stroke-linecap="round"
            stroke-linejoin="round"
            stroke-width="2"
            viewBox="0 0 24 24"
            width="16"
            xmlns="http://www.w3.org/2000/svg"
          >
            <path
              d="m12 3-1.912 5.813a2 2 0 0 1-1.275 1.275L3 12l5.813 1.912a2 2 0 0 1 1.275 1.275L12 21l1.912-5.813a2 2 0 0 1 1.275-1.275L21 12l-5.813-1.912a2 2 0 0 1-1.275-1.275L12 3Z"
            />
            <path
              d="M5 3v4"
            />
            <path
              d="M19 17v4"
            />
            <path
              d="M3 5h4"
            />
            <path
              d="M17 19h4"
            />
          </svg>
        </span>
        <span
          class="flex-1 text-sm font-medium text-[var(--text-primary)]"
        >
          写作风格
        </span>
        <svg
          class="lucide lucide-chevron-down text-[var(--text-muted)] transition-transform duration-200 "
          fill="none"
          height="16"
          stroke="currentColor"
          stroke-linecap="round"
          stroke-linejoin="round"
          stroke-width="2"
          viewBox="0 0 24 24"
          width="16"
          xmlns="http://www.w3.org/2000/svg"
        >
          <path
            d="m6 9 6 6 6-6"
          />
        </svg>
      </button>
    </div>
    <div
      class="border border-[var(--border-default)] rounded-[var(--radius-md)] overflow-hidden"
    >
      <button
        aria-controls="story-bible-section-outline"
        aria-expanded="false"
        class="w-full flex items-center gap-3 px-4 py-3 text-left bg-[var(--surface-elevated)] hover:bg-[var(--surface-sunken)] transition-colors"
        type="button"
      >
        <span
          class="text-[var(--text-muted)]"
        >
          <svg
            class="lucide lucide-book-open "
            fill="none"
            height="16"
            stroke="currentColor"
            stroke-linecap="round"
            stroke-linejoin="round"
            stroke-width="2"
            viewBox="0 0 24 24"
            width="16"
            xmlns="http://www.w3.org/2000/svg"
          >
            <path
              d="M2 3h6a4 4 0 0 1 4 4v14a3 3 0 0 0-3-3H2z"
            />
            <path
              d="M22 3h-6a4 4 0 0 0-4 4v14a3 3 0 0 1 3-3h7z"
            />
          </svg>
        </span>
        <span
          class="flex-1 text-sm font-medium text-[var(--text-primary)]"
        >
          小说大纲
        </span>
        <svg
          class="lucide lucide-chevron-down text-[var(--text-muted)] transition-transform duration-200 "
          fill="none"
          height="16"
          stroke="currentColor"
          stroke-linecap="round"
          stroke-linejoin="round"
          stroke-width="2"
          viewBox="0 0 24 24"
          width="16"
          xmlns="http://www.w3.org/2000/svg"
        >
          <path
            d="m6 9 6 6 6-6"
          />
        </svg>
      </button>
    </div>
  </div>
</div>
`;
